// Jest Snapshot v1, https://goo.gl/fbAQLP

exports[`<BasicContainer /> should has same snapshot 1`] = `
<View
  style={
    [
      {
        "flex": 1,
      },
      undefined,
      [
        {
          "padding": 22.857142857142858,
        },
        {
          "backgroundColor": "#F8F8F8",
        },
        undefined,
      ],
    ]
  }
>
  <Text>
    Hello
  </Text>
</View>
`;
