// Jest Snapshot v1, https://goo.gl/fbAQLP

exports[`<BasicButton /> should has the same snapshot 1`] = `
<Text
  style={{}}
>
  Hello
</Text>
`;
