// Jest Snapshot v1, https://goo.gl/fbAQLP

exports[`<BasicButton /> should has same snapshot 1`] = `
<View
  accessibilityState={
    {
      "busy": undefined,
      "checked": undefined,
      "disabled": undefined,
      "expanded": undefined,
      "selected": undefined,
    }
  }
  accessibilityValue={
    {
      "max": undefined,
      "min": undefined,
      "now": undefined,
      "text": undefined,
    }
  }
  accessible={true}
  collapsable={false}
  focusable={true}
  onClick={[Function]}
  onResponderGrant={[Function]}
  onResponderMove={[Function]}
  onResponderRelease={[Function]}
  onResponderTerminate={[Function]}
  onResponderTerminationRequest={[Function]}
  onStartShouldSetResponder={[Function]}
  style={
    {
      "alignItems": "center",
      "backgroundColor": "#567189",
      "borderRadius": 12,
      "justifyContent": "center",
      "minHeight": 57.14285714285714,
      "opacity": 1,
      "width": "100%",
    }
  }
>
  <Text>
    Press
  </Text>
</View>
`;
