// Jest Snapshot v1, https://goo.gl/fbAQLP

exports[`<ViewFlex /> should has same snapshot 1`] = `
<View
  style={
    [
      {
        "flex": 1,
      },
      undefined,
      undefined,
    ]
  }
>
  <Text>
    Hello
  </Text>
</View>
`;
