// Jest Snapshot v1, https://goo.gl/fbAQLP

exports[`<Button /> should has same snapshot 1`] = `
<View
  accessibilityState={
    {
      "busy": undefined,
      "checked": undefined,
      "disabled": undefined,
      "expanded": undefined,
      "selected": undefined,
    }
  }
  accessibilityValue={
    {
      "max": undefined,
      "min": undefined,
      "now": undefined,
      "text": undefined,
    }
  }
  accessible={true}
  collapsable={false}
  focusable={true}
  onBlur={[Function]}
  onClick={[Function]}
  onFocus={[Function]}
  onResponderGrant={[Function]}
  onResponderMove={[Function]}
  onResponderRelease={[Function]}
  onResponderTerminate={[Function]}
  onResponderTerminationRequest={[Function]}
  onStartShouldSetResponder={[Function]}
  style={
    [
      {
        "alignItems": "center",
        "borderRadius": 10,
        "height": 57.14285714285714,
        "justifyContent": "center",
        "width": "100%",
      },
      {
        "backgroundColor": "#334FFA",
      },
      undefined,
    ]
  }
>
  <Text
    style={
      {
        "color": "white",
        "fontFamily": "Metropolis Bold",
        "fontSize": 19.65714285714286,
        "fontWeight": "800",
      }
    }
  >
    Press
  </Text>
</View>
`;
